// Vitest Snapshot v1, https://vitest.dev/guide/snapshot.html

exports[`<SectionContainer/> > should render 1`] = `
.c0 {
  max-width: 120rem;
  margin: 0 auto;
  padding: 4.0rem;
}

<div>
  <div
    class="c0"
  >
    <h1>
      Texto
    </h1>
  </div>
</div>
`;
