// Vitest Snapshot v1, https://vitest.dev/guide/snapshot.html

exports[`<GridTwo/> > should render two columns grid 1`] = `
.c5 {
  color: #FFFFFF;
  font-size: 4.0rem;
  text-transform: uppercase;
}

.c2 {
  display: grid;
  grid-template-columns: 1fr 2fr;
  align-items: center;
  gap: 3.2rem;
}

.c2 .c4 {
  margin-bottom: 4.0rem;
}

.c0 {
  background-color: #FFFFFF;
  color: #0A1128;
  border-bottom: 0.2rem solid #DDDDDD;
  background: #0A1128;
  color: #FFFFFF;
  min-height: 100vh;
  display: flex;
  align-items: center;
}

.c1 {
  max-width: 120rem;
  margin: 0 auto;
  padding: 2.4rem;
}

.c6 {
  font-size: 2.4rem;
}

@media (max-width:768px) {
  .c2 {
    grid-template-columns: 1fr;
  }
}

@media (max-width:768px) {
  .c3 {
    margin-bottom: 3.2rem;
    text-align: center;
  }
}

<div>
  <section
    class="c0"
  >
    <div
      class="c1"
    >
      <div
        class="c2"
      >
        <article
          class="c3"
        >
          <h1
            class="c4 c5"
          >
            Grid two columns
          </h1>
          <div
            class="c6"
          />
        </article>
        <div
          class=""
        >
          <img
            alt="img"
            class=""
            src="http://localhost:1337assets/images/javascript.svg"
          />
        </div>
      </div>
    </div>
  </section>
</div>
`;
