// Vitest Snapshot v1, https://vitest.dev/guide/snapshot.html

exports[`<LogoLink/> > should Match snapshot 1`] = `
.c1 {
  text-decoration: none;
  color: inherit;
  display: flex;
  align-items: center;
}

.c1 >img {
  height: 6rem;
  width: 14rem;
}

.c0 {
  color: #0A1128;
  font-size: 2.4rem;
  text-transform: uppercase;
}

<h1
  class="c0"
>
  <a
    class="c1"
    href="#target"
  >
    <img
      alt="hello"
      src="http://localhost:1337#img"
    />
  </a>
</h1>
`;
