// Vitest Snapshot v1, https://vitest.dev/guide/snapshot.html

exports[`<GridText/> > should render texts in a grid 1`] = `
.c4 {
  color: #0A1128;
  font-size: 6.4rem;
  text-transform: uppercase;
}

.c9 {
  color: #0A1128;
  font-size: 3.2rem;
  text-transform: none;
}

.c6 {
  font-size: 2.4rem;
}

.c2 .c5 {
  margin-bottom: 3.2rem;
}

.c7 {
  counter-reset: grid-counter;
  display: grid;
  grid-template-columns: repeat(auto-fill, minmax(280px, 1fr));
  gap: 3.2rem;
  overflow: hidden;
  width: 100%;
}

.c8 .c3 {
  position: relative;
  left: 5rem;
}

.c8 .c3::before {
  counter-increment: grid-counter;
  content: counter(grid-counter);
  position: absolute;
  font-size: 6.4rem;
  top: -2rem;
  left: -5rem;
  transform: rotate(8deg);
}

.c0 {
  background-color: #FFFFFF;
  color: #0A1128;
  border-bottom: 0.2rem solid #DDDDDD;
  min-height: 100vh;
  display: flex;
  align-items: center;
}

.c1 {
  max-width: 120rem;
  margin: 0 auto;
  padding: 2.4rem;
}

@media (max-width:768px) {
  .c4 {
    font-size: 4.0rem;
  }
}

@media (max-width:768px) {
  .c7 {
    grid-template-columns: 1fr;
  }
}

<div>
  <section
    class="c0"
  >
    <div
      class="c1"
    >
      <div
        class="c2"
      >
        <h1
          class="c3 c4"
        >
          My grid
        </h1>
        <div
          class="c5 c6"
        >
          Atque doloribus nobis laudantium esse ut, non commodi maxime distinctio veritatis unde
        </div>
        <div
          class="c7"
        >
          <article
            class="c8"
          >
            <h1
              class="c3 c9"
            >
              Teste 1
            </h1>
            <div
              class="c5 c6"
            >
              Lorem ipsum dolor sit, amet consectetur adipisicing elit. Debitis cum delectus molestias. Atque doloribus nobis laudantium esse ut, non commodi maxime distinctio veritatis unde, reprehenderit minus ad dolores provident maiores.
            </div>
          </article>
          <article
            class="c8"
          >
            <h1
              class="c3 c9"
            >
              Teste 2
            </h1>
            <div
              class="c5 c6"
            >
              Lorem ipsum dolor sit, amet consectetur adipisicing elit. Debitis cum delectus molestias. Atque doloribus nobis laudantium esse ut, non commodi maxime distinctio veritatis unde, reprehenderit minus ad dolores provident maiores.
            </div>
          </article>
          <article
            class="c8"
          >
            <h1
              class="c3 c9"
            >
              Teste 3
            </h1>
            <div
              class="c5 c6"
            >
              Lorem ipsum dolor sit, amet consectetur adipisicing elit. Debitis cum delectus molestias. Atque doloribus nobis laudantium esse ut, non commodi maxime distinctio veritatis unde, reprehenderit minus ad dolores provident maiores.
            </div>
          </article>
        </div>
      </div>
    </div>
  </section>
</div>
`;
