// Vitest Snapshot v1, https://vitest.dev/guide/snapshot.html

exports[`<GridImg/> > should render images in a grid 1`] = `
.c0 {
  background-color: #FFFFFF;
  color: #0A1128;
  border-bottom: 0.2rem solid #DDDDDD;
  min-height: 100vh;
  display: flex;
  align-items: center;
}

.c1 {
  max-width: 120rem;
  margin: 0 auto;
  padding: 2.4rem;
}

.c3 {
  color: #0A1128;
  font-size: 6.4rem;
  text-transform: uppercase;
}

.c5 {
  font-size: 2.4rem;
}

.c2 >.c4 {
  margin-bottom: 3.2rem;
}

.c6 {
  counter-reset: grid-counter;
  display: grid;
  grid-template-columns: repeat(auto-fill, minmax(280px, 1fr));
  gap: 3.2rem;
}

.c7 {
  overflow: hidden;
  border-radius: 1rem;
}

.c8 {
  width: 100%;
  transition: all 300ms ease-in-out;
}

.c8:hover {
  transform: scale(1.2) rotate(10deg);
}

.c9 {
  display: none;
  position: fixed;
  z-index: 1;
  padding-top: 100px;
  left: 0;
  top: 0;
  width: 100%;
  height: 100%;
  background-color: rgba(0 0 0 / 0.3);
  border-radius: 1rem;
}

.c9>span {
  position: fixed;
  cursor: pointer;
  top: 4rem;
  right: 2rem;
  color: #dc143c;
  font-size: 5.6rem;
}

.c9>span::hover {
  color: #FFFFFF;
}

.c9>img {
  margin: auto;
  display: block;
  max-width: 700px;
  object-fit: cover;
  border-radius: 1rem;
}

.c9>div {
  margin: auto;
  display: block;
  width: 80%;
  max-width: 700px;
  text-align: center;
  font-size: 2.4rem;
  color: #FFFFFF;
  padding: 10px 0;
  height: 150px;
}

@media (max-width:768px) {
  .c3 {
    font-size: 4.0rem;
  }
}

@media only screen and (max-width: 768px) {
  .c9>span {
    left: 1rem;
  }
}

@media only screen and (max-width: 768px) {
  .c9>img {
    width: 100%;
    padding: 0 0.8rem;
  }
}

<div>
  <section
    class="c0"
  >
    <div
      class="c1"
    >
      <div
        class="c2"
      >
        <h2
          class="c3"
        >
          My image grid
        </h2>
        <div
          class="c4 c5"
        >
          Atque doloribus nobis laudantium esse ut, non commodi maxime distinctio veritatis unde
        </div>
        <div
          class="c6"
        >
          <div
            class="c7"
          >
            <img
              alt="Teste 1"
              aria-label="item-img"
              class="c8"
              src="https://source.unsplash.com/random/800x800?r=1"
            />
            <div
              aria-label="Modal"
              class="c9"
              id="GridImg-8"
            >
              <img
                alt="Teste 1"
                src="https://source.unsplash.com/random/800x800?r=1"
              />
              <span
                aria-label="Close-img"
              >
                ×
              </span>
              <div>
                Teste 1
              </div>
            </div>
          </div>
          <div
            class="c7"
          >
            <img
              alt="Teste 2"
              aria-label="item-img"
              class="c8"
              src="https://source.unsplash.com/random/800x800?r=2"
            />
            <div
              aria-label="Modal"
              class="c9"
              id="GridImg-9"
            >
              <img
                alt="Teste 2"
                src="https://source.unsplash.com/random/800x800?r=2"
              />
              <span
                aria-label="Close-img"
              >
                ×
              </span>
              <div>
                Teste 2
              </div>
            </div>
          </div>
          <div
            class="c7"
          >
            <img
              alt="Teste 3"
              aria-label="item-img"
              class="c8"
              src="https://source.unsplash.com/random/800x800?r=3"
            />
            <div
              aria-label="Modal"
              class="c9"
              id="GridImg-10"
            >
              <img
                alt="Teste 3"
                src="https://source.unsplash.com/random/800x800?r=3"
              />
              <span
                aria-label="Close-img"
              >
                ×
              </span>
              <div>
                Teste 3
              </div>
            </div>
          </div>
        </div>
      </div>
    </div>
  </section>
</div>
`;
