// Vitest Snapshot v1, https://vitest.dev/guide/snapshot.html

exports[`<Textfn/> > should match snapshot 1`] = `
.c0 {
  font-size: 2.4rem;
}

<p
  class="c0"
>
  Texto
</p>
`;
