// Jest Snapshot v1, https://goo.gl/fbAQLP

exports[`<SectionBackground/> should Match snapshot 1`] = `
<h1>
  Texto
</h1>
`;

exports[`<SectionBackground/> should Match snapshot 2`] = `
.c0 {
  background-color: #FFFFFF;
  color: #0A1128;
  background: #0A1128;
  color: #FFFFFF;
  min-height: 100vh;
  display: flex;
  align-items: center;
}

.c1 {
  max-width: 120rem;
  margin: 0 auto;
  padding: 4.0rem;
}

<div>
  <section
    class="c0"
  >
    <div
      class="c1"
    >
      <h1>
        Texto
      </h1>
    </div>
  </section>
</div>
`;
