// Jest Snapshot v1, https://goo.gl/fbAQLP

exports[`<MenuLink/> should Match snapshot 1`] = `
.c0 {
  color: #0A1128;
  display: block;
  text-decoration: none;
  font-size: 1.6rem;
  padding: 1.6rem;
  position: relative;
}

.c0::after {
  content: "";
  position: absolute;
  bottom: 0.8rem;
  left: 50%;
  width: 0;
  height: 0.2rem;
  background-color: #dc143c;
  transition: all 300ms ease-in-out;
}

.c0:hover::after {
  left: 25%;
  width: 50%;
}

<a
  class="c0"
  href="http://localhost"
  target="_self"
>
  Children
</a>
`;
