// Vitest Snapshot v1, https://vitest.dev/guide/snapshot.html

exports[`<Heading/> > should match snapshot 1`] = `
.c0 {
  color: #0A1128;
  font-size: 4.0rem;
  text-transform: none;
}

<h1
  class="c0"
>
  Texto
</h1>
`;
